// Jest Snapshot v1, https://goo.gl/fbAQLP

exports[`<List /> it matches the snapshot of List 1`] = `
<div>
  
  <div
    data-testid="container"
  >
    <div
      className="sc-bdnxRM edOJoy"
      data-testid="search"
    >
      <input
        data-testid="input"
        name="query"
        onChange={[Function]}
        placeholder="Coin Name"
        type="text"
        value=""
      />
    </div>
    <div>
      <div
        className="card-header"
      >
        <h3
          className="rank"
          onClick={[Function]}
        >
          Rank
        </h3>
        <h3
          className="f1"
          onClick={[Function]}
        >
          Coin
        </h3>
        <h3
          className="price"
          onClick={[Function]}
        >
          Price
        </h3>
        <h3
          className="daily-change"
          onClick={[Function]}
        >
          24hr
        </h3>
        <h3
          className="f1"
          onClick={[Function]}
        >
          Market Cap
        </h3>
      </div>
    </div>
  </div>
  <div
    style={
      Object {
        "marginBottom": "3rem",
      }
    }
  >
    <div
      className="pagination"
      title="pagination"
    >
      <div
        className="pagination-numbers"
        id="current-page"
        onClick={[Function]}
      >
        1
      </div>
      <div
        className="pagination-numbers"
        id=""
        onClick={[Function]}
      >
        2
      </div>
      <div
        className="pagination-numbers"
        id=""
        onClick={[Function]}
      >
        3
      </div>
      <div
        className="pagination-numbers"
        id=""
        onClick={[Function]}
      >
        4
      </div>
      <div
        className="pagination-numbers"
        id=""
        onClick={[Function]}
      >
        5
      </div>
      <div
        className="pagination-numbers"
        id=""
        onClick={[Function]}
      >
        6
      </div>
      <div
        className="pagination-numbers"
        id=""
        onClick={[Function]}
      >
        7
      </div>
      <div
        className="pagination-numbers"
        id=""
        onClick={[Function]}
      >
        8
      </div>
      <div
        className="pagination-numbers"
        id=""
        onClick={[Function]}
      >
        9
      </div>
      <div
        className="pagination-numbers"
        id=""
        onClick={[Function]}
      >
        10
      </div>
    </div>
    <button
      disabled={false}
      onClick={[Function]}
    >
      Next
    </button>
  </div>
</div>
`;
