// Jest Snapshot v1, https://goo.gl/fbAQLP

exports[`<Pagination /> matches the snapshot of Pagination 1`] = `
<div
  className="sc-bdnxRM gdwPWC"
>
  <div
    className="pagination"
    data-testid="pagination"
    title="pagination"
  >
    <div
      className="pagination-numbers"
      data-testid="page"
      id=""
      onClick={[Function]}
    >
      1
    </div>
    <div
      className="pagination-numbers"
      data-testid="page"
      id=""
      onClick={[Function]}
    >
      2
    </div>
    <div
      className="pagination-numbers"
      data-testid="page"
      id=""
      onClick={[Function]}
    >
      3
    </div>
    <div
      className="pagination-numbers"
      data-testid="page"
      id=""
      onClick={[Function]}
    >
      4
    </div>
    <div
      className="pagination-numbers"
      data-testid="page"
      id=""
      onClick={[Function]}
    >
      5
    </div>
    <div
      className="pagination-numbers"
      data-testid="page"
      id=""
      onClick={[Function]}
    >
      6
    </div>
    <div
      className="pagination-numbers"
      data-testid="page"
      id=""
      onClick={[Function]}
    >
      7
    </div>
    <div
      className="pagination-numbers"
      data-testid="page"
      id=""
      onClick={[Function]}
    >
      8
    </div>
    <div
      className="pagination-numbers"
      data-testid="page"
      id=""
      onClick={[Function]}
    >
      9
    </div>
    <div
      className="pagination-numbers"
      data-testid="page"
      id=""
      onClick={[Function]}
    >
      10
    </div>
  </div>
  <button
    disabled={false}
    onClick={[Function]}
  >
    Next
  </button>
</div>
`;
